seed_requests.ts(4,8): error TS1192: Module '"C:/Users/banul/Documents/gym-management-system/server/node_modules/dotenv/lib/main"' has no default export.
seed_requests.ts(5,8): error TS1259: Module '"path"' can only be default-imported using the 'esModuleInterop' flag
seed_requests.ts(18,13): error TS2769: No overload matches this call.
  The last overload gave the following error.
    Type 'ObjectId' is not assignable to type 'StringQueryTypeCasting'.
